// module helper.zp
// module main.zp
import "helper.zp" as helper { twice as double } ; fun main ( ) Int { var answer : /* @macro call main.zp:4:17 define helper.zp:2:5 */ Int /* @source */ = ( 20 /* @macro call main.zp:4:38 define helper.zp:1:5 */ + /* @source */ 20 ) + ( 1 /* @macro call main.zp:4:52 define helper.zp:1:5 */ + /* @source */ 1 ) ; if answer != 42 { return 1 ; } if ( /* @macro call main.zp:8:8 define main.zp:14:1 */ 7 /* @source */ ) != 7 { return 2 ; } return 0 ; }
